Copyright 1986-2022 Xilinx, Inc. All Rights Reserved.
------------------------------------------------------------------------------------------------------------------------------------------------------------------------------------------------------------------------------------------
| Tool Version : Vivado v.2022.2 (win64) Build 3671981 Fri Oct 14 05:00:03 MDT 2022
| Date         : Wed Oct 29 14:32:19 2025
| Host         : Kaustubh-Galaxy-Book running 64-bit major release  (build 9200)
| Command      : report_timing_summary -max_paths 10 -report_unconstrained -file multiplier_4bit_timing_summary_routed.rpt -pb multiplier_4bit_timing_summary_routed.pb -rpx multiplier_4bit_timing_summary_routed.rpx -warn_on_violation
| Design       : multiplier_4bit
| Device       : 7a35t-cpg236
| Speed File   : -1  PRODUCTION 1.23 2018-06-13
------------------------------------------------------------------------------------------------------------------------------------------------------------------------------------------------------------------------------------------

Timing Summary Report

------------------------------------------------------------------------------------------------
| Timer Settings
| --------------
------------------------------------------------------------------------------------------------

  Enable Multi Corner Analysis               :  Yes
  Enable Pessimism Removal                   :  Yes
  Pessimism Removal Resolution               :  Nearest Common Node
  Enable Input Delay Default Clock           :  No
  Enable Preset / Clear Arcs                 :  No
  Disable Flight Delays                      :  No
  Ignore I/O Paths                           :  No
  Timing Early Launch at Borrowing Latches   :  No
  Borrow Time for Max Delay Exceptions       :  Yes
  Merge Timing Exceptions                    :  Yes

  Corner  Analyze    Analyze    
  Name    Max Paths  Min Paths  
  ------  ---------  ---------  
  Slow    Yes        Yes        
  Fast    Yes        Yes        


------------------------------------------------------------------------------------------------
| Report Methodology
| ------------------
------------------------------------------------------------------------------------------------

No report available as report_methodology has not been run prior. Run report_methodology on the current design for the summary of methodology violations.



check_timing report

Table of Contents
-----------------
1. checking no_clock (0)
2. checking constant_clock (0)
3. checking pulse_width_clock (0)
4. checking unconstrained_internal_endpoints (0)
5. checking no_input_delay (0)
6. checking no_output_delay (0)
7. checking multiple_clock (0)
8. checking generated_clocks (0)
9. checking loops (0)
10. checking partial_input_delay (0)
11. checking partial_output_delay (0)
12. checking latch_loops (0)

1. checking no_clock (0)
------------------------
 There are 0 register/latch pins with no clock.


2. checking constant_clock (0)
------------------------------
 There are 0 register/latch pins with constant_clock.


3. checking pulse_width_clock (0)
---------------------------------
 There are 0 register/latch pins which need pulse_width check


4. checking unconstrained_internal_endpoints (0)
------------------------------------------------
 There are 0 pins that are not constrained for maximum delay.

 There are 0 pins that are not constrained for maximum delay due to constant clock.


5. checking no_input_delay (0)
------------------------------
 There are 0 input ports with no input delay specified.

 There are 0 input ports with no input delay but user has a false path constraint.


6. checking no_output_delay (0)
-------------------------------
 There are 0 ports with no output delay specified.

 There are 0 ports with no output delay but user has a false path constraint

 There are 0 ports with no output delay but with a timing clock defined on it or propagating through it


7. checking multiple_clock (0)
------------------------------
 There are 0 register/latch pins with multiple clocks.


8. checking generated_clocks (0)
--------------------------------
 There are 0 generated clocks that are not connected to a clock source.


9. checking loops (0)
---------------------
 There are 0 combinational loops in the design.


10. checking partial_input_delay (0)
------------------------------------
 There are 0 input ports with partial input delay specified.


11. checking partial_output_delay (0)
-------------------------------------
 There are 0 ports with partial output delay specified.


12. checking latch_loops (0)
----------------------------
 There are 0 combinational latch loops in the design through latch input



------------------------------------------------------------------------------------------------
| Design Timing Summary
| ---------------------
------------------------------------------------------------------------------------------------

    WNS(ns)      TNS(ns)  TNS Failing Endpoints  TNS Total Endpoints      WHS(ns)      THS(ns)  THS Failing Endpoints  THS Total Endpoints     WPWS(ns)     TPWS(ns)  TPWS Failing Endpoints  TPWS Total Endpoints  
    -------      -------  ---------------------  -------------------      -------      -------  ---------------------  -------------------     --------     --------  ----------------------  --------------------  
        inf        0.000                      0                    8          inf        0.000                      0                    8           NA           NA                      NA                    NA  


There are no user specified timing constraints.


------------------------------------------------------------------------------------------------
| Clock Summary
| -------------
------------------------------------------------------------------------------------------------


------------------------------------------------------------------------------------------------
| Intra Clock Table
| -----------------
------------------------------------------------------------------------------------------------

Clock             WNS(ns)      TNS(ns)  TNS Failing Endpoints  TNS Total Endpoints      WHS(ns)      THS(ns)  THS Failing Endpoints  THS Total Endpoints     WPWS(ns)     TPWS(ns)  TPWS Failing Endpoints  TPWS Total Endpoints  
-----             -------      -------  ---------------------  -------------------      -------      -------  ---------------------  -------------------     --------     --------  ----------------------  --------------------  


------------------------------------------------------------------------------------------------
| Inter Clock Table
| -----------------
------------------------------------------------------------------------------------------------

From Clock    To Clock          WNS(ns)      TNS(ns)  TNS Failing Endpoints  TNS Total Endpoints      WHS(ns)      THS(ns)  THS Failing Endpoints  THS Total Endpoints  
----------    --------          -------      -------  ---------------------  -------------------      -------      -------  ---------------------  -------------------  


------------------------------------------------------------------------------------------------
| Other Path Groups Table
| -----------------------
------------------------------------------------------------------------------------------------

Path Group    From Clock    To Clock          WNS(ns)      TNS(ns)  TNS Failing Endpoints  TNS Total Endpoints      WHS(ns)      THS(ns)  THS Failing Endpoints  THS Total Endpoints  
----------    ----------    --------          -------      -------  ---------------------  -------------------      -------      -------  ---------------------  -------------------  


------------------------------------------------------------------------------------------------
| User Ignored Path Table
| -----------------------
------------------------------------------------------------------------------------------------

Path Group    From Clock    To Clock    
----------    ----------    --------    


------------------------------------------------------------------------------------------------
| Unconstrained Path Table
| ------------------------
------------------------------------------------------------------------------------------------

Path Group    From Clock    To Clock    
----------    ----------    --------    
(none)                                    


------------------------------------------------------------------------------------------------
| Timing Details
| --------------
------------------------------------------------------------------------------------------------


--------------------------------------------------------------------------------------
Path Group:  (none)
From Clock:  
  To Clock:  

Max Delay             8 Endpoints
Min Delay             8 Endpoints
--------------------------------------------------------------------------------------


Max Delay Paths
--------------------------------------------------------------------------------------
Slack:                    inf
  Source:                 a_in_mult_4bit[2]
                            (input port)
  Destination:            out_mult_4bit[6]
                            (output port)
  Path Group:             (none)
  Path Type:              Max at Slow Process Corner
  Data Path Delay:        11.798ns  (logic 5.466ns (46.332%)  route 6.332ns (53.668%))
  Logic Levels:           6  (IBUF=1 LUT4=1 LUT6=3 OBUF=1)

    Location             Delay type                Incr(ns)  Path(ns)    Netlist Resource(s)
  -------------------------------------------------------------------    -------------------
    W16                                               0.000     0.000 r  a_in_mult_4bit[2] (IN)
                         net (fo=0)                   0.000     0.000    a_in_mult_4bit[2]
    W16                  IBUF (Prop_ibuf_I_O)         1.464     1.464 r  a_in_mult_4bit_IBUF[2]_inst/O
                         net (fo=10, routed)          1.759     3.223    a_in_mult_4bit_IBUF[2]
    SLICE_X1Y7           LUT6 (Prop_lut6_I5_O)        0.124     3.347 r  out_mult_4bit_OBUF[3]_inst_i_3/O
                         net (fo=4, routed)           1.156     4.503    add_inst1/sum_adder_0[2]
    SLICE_X1Y8           LUT6 (Prop_lut6_I5_O)        0.124     4.627 r  out_mult_4bit_OBUF[4]_inst_i_2/O
                         net (fo=2, routed)           0.706     5.333    add_inst1/sum_adder_1[2]
    SLICE_X0Y8           LUT4 (Prop_lut4_I3_O)        0.124     5.457 r  out_mult_4bit_OBUF[7]_inst_i_3/O
                         net (fo=3, routed)           0.818     6.275    add_inst1/bit4_adder_inst2/cy12
    SLICE_X0Y7           LUT6 (Prop_lut6_I4_O)        0.124     6.399 r  out_mult_4bit_OBUF[6]_inst_i_1/O
                         net (fo=1, routed)           1.893     8.291    out_mult_4bit_OBUF[6]
    U14                  OBUF (Prop_obuf_I_O)         3.506    11.798 r  out_mult_4bit_OBUF[6]_inst/O
                         net (fo=0)                   0.000    11.798    out_mult_4bit[6]
    U14                                                               r  out_mult_4bit[6] (OUT)
  -------------------------------------------------------------------    -------------------

Slack:                    inf
  Source:                 a_in_mult_4bit[2]
                            (input port)
  Destination:            out_mult_4bit[5]
                            (output port)
  Path Group:             (none)
  Path Type:              Max at Slow Process Corner
  Data Path Delay:        11.322ns  (logic 5.474ns (48.353%)  route 5.847ns (51.647%))
  Logic Levels:           6  (IBUF=1 LUT4=2 LUT6=2 OBUF=1)

    Location             Delay type                Incr(ns)  Path(ns)    Netlist Resource(s)
  -------------------------------------------------------------------    -------------------
    W16                                               0.000     0.000 r  a_in_mult_4bit[2] (IN)
                         net (fo=0)                   0.000     0.000    a_in_mult_4bit[2]
    W16                  IBUF (Prop_ibuf_I_O)         1.464     1.464 r  a_in_mult_4bit_IBUF[2]_inst/O
                         net (fo=10, routed)          1.759     3.223    a_in_mult_4bit_IBUF[2]
    SLICE_X1Y7           LUT6 (Prop_lut6_I5_O)        0.124     3.347 r  out_mult_4bit_OBUF[3]_inst_i_3/O
                         net (fo=4, routed)           1.156     4.503    add_inst1/sum_adder_0[2]
    SLICE_X1Y8           LUT6 (Prop_lut6_I5_O)        0.124     4.627 r  out_mult_4bit_OBUF[4]_inst_i_2/O
                         net (fo=2, routed)           0.706     5.333    add_inst1/sum_adder_1[2]
    SLICE_X0Y8           LUT4 (Prop_lut4_I3_O)        0.124     5.457 r  out_mult_4bit_OBUF[7]_inst_i_3/O
                         net (fo=3, routed)           0.320     5.777    add_inst1/bit4_adder_inst2/cy12
    SLICE_X0Y7           LUT4 (Prop_lut4_I3_O)        0.124     5.901 r  out_mult_4bit_OBUF[5]_inst_i_1/O
                         net (fo=1, routed)           1.906     7.807    out_mult_4bit_OBUF[5]
    U15                  OBUF (Prop_obuf_I_O)         3.514    11.322 r  out_mult_4bit_OBUF[5]_inst/O
                         net (fo=0)                   0.000    11.322    out_mult_4bit[5]
    U15                                                               r  out_mult_4bit[5] (OUT)
  -------------------------------------------------------------------    -------------------

Slack:                    inf
  Source:                 a_in_mult_4bit[2]
                            (input port)
  Destination:            out_mult_4bit[7]
                            (output port)
  Path Group:             (none)
  Path Type:              Max at Slow Process Corner
  Data Path Delay:        11.271ns  (logic 5.460ns (48.447%)  route 5.811ns (51.553%))
  Logic Levels:           6  (IBUF=1 LUT4=1 LUT6=3 OBUF=1)

    Location             Delay type                Incr(ns)  Path(ns)    Netlist Resource(s)
  -------------------------------------------------------------------    -------------------
    W16                                               0.000     0.000 r  a_in_mult_4bit[2] (IN)
                         net (fo=0)                   0.000     0.000    a_in_mult_4bit[2]
    W16                  IBUF (Prop_ibuf_I_O)         1.464     1.464 r  a_in_mult_4bit_IBUF[2]_inst/O
                         net (fo=10, routed)          1.759     3.223    a_in_mult_4bit_IBUF[2]
    SLICE_X1Y7           LUT6 (Prop_lut6_I5_O)        0.124     3.347 r  out_mult_4bit_OBUF[3]_inst_i_3/O
                         net (fo=4, routed)           1.156     4.503    add_inst1/sum_adder_0[2]
    SLICE_X1Y8           LUT6 (Prop_lut6_I5_O)        0.124     4.627 r  out_mult_4bit_OBUF[4]_inst_i_2/O
                         net (fo=2, routed)           0.706     5.333    add_inst1/sum_adder_1[2]
    SLICE_X0Y8           LUT4 (Prop_lut4_I3_O)        0.124     5.457 r  out_mult_4bit_OBUF[7]_inst_i_3/O
                         net (fo=3, routed)           0.317     5.774    add_inst1/bit4_adder_inst2/cy12
    SLICE_X0Y7           LUT6 (Prop_lut6_I2_O)        0.124     5.898 r  out_mult_4bit_OBUF[7]_inst_i_1/O
                         net (fo=1, routed)           1.872     7.770    out_mult_4bit_OBUF[7]
    V14                  OBUF (Prop_obuf_I_O)         3.501    11.271 r  out_mult_4bit_OBUF[7]_inst/O
                         net (fo=0)                   0.000    11.271    out_mult_4bit[7]
    V14                                                               r  out_mult_4bit[7] (OUT)
  -------------------------------------------------------------------    -------------------

Slack:                    inf
  Source:                 a_in_mult_4bit[2]
                            (input port)
  Destination:            out_mult_4bit[4]
                            (output port)
  Path Group:             (none)
  Path Type:              Max at Slow Process Corner
  Data Path Delay:        11.124ns  (logic 5.580ns (50.167%)  route 5.543ns (49.833%))
  Logic Levels:           5  (IBUF=1 LUT4=1 LUT6=2 OBUF=1)

    Location             Delay type                Incr(ns)  Path(ns)    Netlist Resource(s)
  -------------------------------------------------------------------    -------------------
    W16                                               0.000     0.000 r  a_in_mult_4bit[2] (IN)
                         net (fo=0)                   0.000     0.000    a_in_mult_4bit[2]
    W16                  IBUF (Prop_ibuf_I_O)         1.464     1.464 r  a_in_mult_4bit_IBUF[2]_inst/O
                         net (fo=10, routed)          1.759     3.223    a_in_mult_4bit_IBUF[2]
    SLICE_X1Y7           LUT6 (Prop_lut6_I5_O)        0.124     3.347 r  out_mult_4bit_OBUF[3]_inst_i_3/O
                         net (fo=4, routed)           1.156     4.503    add_inst1/sum_adder_0[2]
    SLICE_X1Y8           LUT6 (Prop_lut6_I5_O)        0.124     4.627 r  out_mult_4bit_OBUF[4]_inst_i_2/O
                         net (fo=2, routed)           0.706     5.333    add_inst1/sum_adder_1[2]
    SLICE_X0Y8           LUT4 (Prop_lut4_I2_O)        0.152     5.485 r  out_mult_4bit_OBUF[4]_inst_i_1/O
                         net (fo=1, routed)           1.922     7.407    out_mult_4bit_OBUF[4]
    W18                  OBUF (Prop_obuf_I_O)         3.717    11.124 r  out_mult_4bit_OBUF[4]_inst/O
                         net (fo=0)                   0.000    11.124    out_mult_4bit[4]
    W18                                                               r  out_mult_4bit[4] (OUT)
  -------------------------------------------------------------------    -------------------

Slack:                    inf
  Source:                 a_in_mult_4bit[2]
                            (input port)
  Destination:            out_mult_4bit[3]
                            (output port)
  Path Group:             (none)
  Path Type:              Max at Slow Process Corner
  Data Path Delay:        9.832ns  (logic 5.221ns (53.101%)  route 4.611ns (46.899%))
  Logic Levels:           4  (IBUF=1 LUT6=2 OBUF=1)

    Location             Delay type                Incr(ns)  Path(ns)    Netlist Resource(s)
  -------------------------------------------------------------------    -------------------
    W16                                               0.000     0.000 r  a_in_mult_4bit[2] (IN)
                         net (fo=0)                   0.000     0.000    a_in_mult_4bit[2]
    W16                  IBUF (Prop_ibuf_I_O)         1.464     1.464 r  a_in_mult_4bit_IBUF[2]_inst/O
                         net (fo=10, routed)          1.759     3.223    a_in_mult_4bit_IBUF[2]
    SLICE_X1Y7           LUT6 (Prop_lut6_I5_O)        0.124     3.347 r  out_mult_4bit_OBUF[3]_inst_i_3/O
                         net (fo=4, routed)           0.937     4.284    add_inst1/sum_adder_0[2]
    SLICE_X0Y8           LUT6 (Prop_lut6_I3_O)        0.124     4.408 r  out_mult_4bit_OBUF[3]_inst_i_1/O
                         net (fo=1, routed)           1.915     6.323    out_mult_4bit_OBUF[3]
    V19                  OBUF (Prop_obuf_I_O)         3.509     9.832 r  out_mult_4bit_OBUF[3]_inst/O
                         net (fo=0)                   0.000     9.832    out_mult_4bit[3]
    V19                                                               r  out_mult_4bit[3] (OUT)
  -------------------------------------------------------------------    -------------------

Slack:                    inf
  Source:                 b_in_mult_4bit[0]
                            (input port)
  Destination:            out_mult_4bit[1]
                            (output port)
  Path Group:             (none)
  Path Type:              Max at Slow Process Corner
  Data Path Delay:        9.361ns  (logic 5.104ns (54.528%)  route 4.257ns (45.472%))
  Logic Levels:           3  (IBUF=1 LUT4=1 OBUF=1)

    Location             Delay type                Incr(ns)  Path(ns)    Netlist Resource(s)
  -------------------------------------------------------------------    -------------------
    W15                                               0.000     0.000 r  b_in_mult_4bit[0] (IN)
                         net (fo=0)                   0.000     0.000    b_in_mult_4bit[0]
    W15                  IBUF (Prop_ibuf_I_O)         1.451     1.451 r  b_in_mult_4bit_IBUF[0]_inst/O
                         net (fo=7, routed)           1.397     2.847    b_in_mult_4bit_IBUF[0]
    SLICE_X0Y8           LUT4 (Prop_lut4_I3_O)        0.124     2.971 r  out_mult_4bit_OBUF[1]_inst_i_1/O
                         net (fo=1, routed)           2.860     5.831    out_mult_4bit_OBUF[1]
    E19                  OBUF (Prop_obuf_I_O)         3.530     9.361 r  out_mult_4bit_OBUF[1]_inst/O
                         net (fo=0)                   0.000     9.361    out_mult_4bit[1]
    E19                                                               r  out_mult_4bit[1] (OUT)
  -------------------------------------------------------------------    -------------------

Slack:                    inf
  Source:                 b_in_mult_4bit[0]
                            (input port)
  Destination:            out_mult_4bit[0]
                            (output port)
  Path Group:             (none)
  Path Type:              Max at Slow Process Corner
  Data Path Delay:        8.578ns  (logic 5.310ns (61.898%)  route 3.268ns (38.102%))
  Logic Levels:           3  (IBUF=1 LUT2=1 OBUF=1)

    Location             Delay type                Incr(ns)  Path(ns)    Netlist Resource(s)
  -------------------------------------------------------------------    -------------------
    W15                                               0.000     0.000 r  b_in_mult_4bit[0] (IN)
                         net (fo=0)                   0.000     0.000    b_in_mult_4bit[0]
    W15                  IBUF (Prop_ibuf_I_O)         1.451     1.451 r  b_in_mult_4bit_IBUF[0]_inst/O
                         net (fo=7, routed)           1.397     2.847    b_in_mult_4bit_IBUF[0]
    SLICE_X0Y8           LUT2 (Prop_lut2_I0_O)        0.152     2.999 r  out_mult_4bit_OBUF[0]_inst_i_1/O
                         net (fo=1, routed)           1.872     4.871    out_mult_4bit_OBUF[0]
    U16                  OBUF (Prop_obuf_I_O)         3.707     8.578 r  out_mult_4bit_OBUF[0]_inst/O
                         net (fo=0)                   0.000     8.578    out_mult_4bit[0]
    U16                                                               r  out_mult_4bit[0] (OUT)
  -------------------------------------------------------------------    -------------------

Slack:                    inf
  Source:                 a_in_mult_4bit[2]
                            (input port)
  Destination:            out_mult_4bit[2]
                            (output port)
  Path Group:             (none)
  Path Type:              Max at Slow Process Corner
  Data Path Delay:        8.547ns  (logic 5.089ns (59.541%)  route 3.458ns (40.459%))
  Logic Levels:           3  (IBUF=1 LUT6=1 OBUF=1)

    Location             Delay type                Incr(ns)  Path(ns)    Netlist Resource(s)
  -------------------------------------------------------------------    -------------------
    W16                                               0.000     0.000 r  a_in_mult_4bit[2] (IN)
                         net (fo=0)                   0.000     0.000    a_in_mult_4bit[2]
    W16                  IBUF (Prop_ibuf_I_O)         1.464     1.464 r  a_in_mult_4bit_IBUF[2]_inst/O
                         net (fo=10, routed)          1.411     2.874    a_in_mult_4bit_IBUF[2]
    SLICE_X1Y8           LUT6 (Prop_lut6_I4_O)        0.124     2.998 r  out_mult_4bit_OBUF[2]_inst_i_1/O
                         net (fo=1, routed)           2.047     5.046    out_mult_4bit_OBUF[2]
    U19                  OBUF (Prop_obuf_I_O)         3.501     8.547 r  out_mult_4bit_OBUF[2]_inst/O
                         net (fo=0)                   0.000     8.547    out_mult_4bit[2]
    U19                                                               r  out_mult_4bit[2] (OUT)
  -------------------------------------------------------------------    -------------------





Min Delay Paths
--------------------------------------------------------------------------------------
Slack:                    inf
  Source:                 b_in_mult_4bit[3]
                            (input port)
  Destination:            out_mult_4bit[7]
                            (output port)
  Path Group:             (none)
  Path Type:              Min at Fast Process Corner
  Data Path Delay:        2.341ns  (logic 1.474ns (62.961%)  route 0.867ns (37.039%))
  Logic Levels:           3  (IBUF=1 LUT6=1 OBUF=1)

    Location             Delay type                Incr(ns)  Path(ns)    Netlist Resource(s)
  -------------------------------------------------------------------    -------------------
    W13                                               0.000     0.000 r  b_in_mult_4bit[3] (IN)
                         net (fo=0)                   0.000     0.000    b_in_mult_4bit[3]
    W13                  IBUF (Prop_ibuf_I_O)         0.227     0.227 r  b_in_mult_4bit_IBUF[3]_inst/O
                         net (fo=7, routed)           0.448     0.675    b_in_mult_4bit_IBUF[3]
    SLICE_X0Y7           LUT6 (Prop_lut6_I3_O)        0.045     0.720 r  out_mult_4bit_OBUF[7]_inst_i_1/O
                         net (fo=1, routed)           0.419     1.139    out_mult_4bit_OBUF[7]
    V14                  OBUF (Prop_obuf_I_O)         1.202     2.341 r  out_mult_4bit_OBUF[7]_inst/O
                         net (fo=0)                   0.000     2.341    out_mult_4bit[7]
    V14                                                               r  out_mult_4bit[7] (OUT)
  -------------------------------------------------------------------    -------------------

Slack:                    inf
  Source:                 b_in_mult_4bit[3]
                            (input port)
  Destination:            out_mult_4bit[5]
                            (output port)
  Path Group:             (none)
  Path Type:              Min at Fast Process Corner
  Data Path Delay:        2.350ns  (logic 1.487ns (63.290%)  route 0.863ns (36.710%))
  Logic Levels:           3  (IBUF=1 LUT4=1 OBUF=1)

    Location             Delay type                Incr(ns)  Path(ns)    Netlist Resource(s)
  -------------------------------------------------------------------    -------------------
    W13                                               0.000     0.000 r  b_in_mult_4bit[3] (IN)
                         net (fo=0)                   0.000     0.000    b_in_mult_4bit[3]
    W13                  IBUF (Prop_ibuf_I_O)         0.227     0.227 r  b_in_mult_4bit_IBUF[3]_inst/O
                         net (fo=7, routed)           0.444     0.671    b_in_mult_4bit_IBUF[3]
    SLICE_X0Y7           LUT4 (Prop_lut4_I1_O)        0.045     0.716 r  out_mult_4bit_OBUF[5]_inst_i_1/O
                         net (fo=1, routed)           0.419     1.135    out_mult_4bit_OBUF[5]
    U15                  OBUF (Prop_obuf_I_O)         1.216     2.350 r  out_mult_4bit_OBUF[5]_inst/O
                         net (fo=0)                   0.000     2.350    out_mult_4bit[5]
    U15                                                               r  out_mult_4bit[5] (OUT)
  -------------------------------------------------------------------    -------------------

Slack:                    inf
  Source:                 b_in_mult_4bit[3]
                            (input port)
  Destination:            out_mult_4bit[6]
                            (output port)
  Path Group:             (none)
  Path Type:              Min at Fast Process Corner
  Data Path Delay:        2.373ns  (logic 1.479ns (62.334%)  route 0.894ns (37.666%))
  Logic Levels:           3  (IBUF=1 LUT6=1 OBUF=1)

    Location             Delay type                Incr(ns)  Path(ns)    Netlist Resource(s)
  -------------------------------------------------------------------    -------------------
    W13                                               0.000     0.000 r  b_in_mult_4bit[3] (IN)
                         net (fo=0)                   0.000     0.000    b_in_mult_4bit[3]
    W13                  IBUF (Prop_ibuf_I_O)         0.227     0.227 r  b_in_mult_4bit_IBUF[3]_inst/O
                         net (fo=7, routed)           0.466     0.693    b_in_mult_4bit_IBUF[3]
    SLICE_X0Y7           LUT6 (Prop_lut6_I3_O)        0.045     0.738 r  out_mult_4bit_OBUF[6]_inst_i_1/O
                         net (fo=1, routed)           0.428     1.166    out_mult_4bit_OBUF[6]
    U14                  OBUF (Prop_obuf_I_O)         1.207     2.373 r  out_mult_4bit_OBUF[6]_inst/O
                         net (fo=0)                   0.000     2.373    out_mult_4bit[6]
    U14                                                               r  out_mult_4bit[6] (OUT)
  -------------------------------------------------------------------    -------------------

Slack:                    inf
  Source:                 a_in_mult_4bit[1]
                            (input port)
  Destination:            out_mult_4bit[3]
                            (output port)
  Path Group:             (none)
  Path Type:              Min at Fast Process Corner
  Data Path Delay:        2.392ns  (logic 1.484ns (62.060%)  route 0.908ns (37.940%))
  Logic Levels:           3  (IBUF=1 LUT6=1 OBUF=1)

    Location             Delay type                Incr(ns)  Path(ns)    Netlist Resource(s)
  -------------------------------------------------------------------    -------------------
    V16                                               0.000     0.000 r  a_in_mult_4bit[1] (IN)
                         net (fo=0)                   0.000     0.000    a_in_mult_4bit[1]
    V16                  IBUF (Prop_ibuf_I_O)         0.229     0.229 r  a_in_mult_4bit_IBUF[1]_inst/O
                         net (fo=12, routed)          0.465     0.694    a_in_mult_4bit_IBUF[1]
    SLICE_X0Y8           LUT6 (Prop_lut6_I5_O)        0.045     0.739 r  out_mult_4bit_OBUF[3]_inst_i_1/O
                         net (fo=1, routed)           0.443     1.182    out_mult_4bit_OBUF[3]
    V19                  OBUF (Prop_obuf_I_O)         1.210     2.392 r  out_mult_4bit_OBUF[3]_inst/O
                         net (fo=0)                   0.000     2.392    out_mult_4bit[3]
    V19                                                               r  out_mult_4bit[3] (OUT)
  -------------------------------------------------------------------    -------------------

Slack:                    inf
  Source:                 a_in_mult_4bit[0]
                            (input port)
  Destination:            out_mult_4bit[0]
                            (output port)
  Path Group:             (none)
  Path Type:              Min at Fast Process Corner
  Data Path Delay:        2.415ns  (logic 1.537ns (63.642%)  route 0.878ns (36.358%))
  Logic Levels:           3  (IBUF=1 LUT2=1 OBUF=1)

    Location             Delay type                Incr(ns)  Path(ns)    Netlist Resource(s)
  -------------------------------------------------------------------    -------------------
    V17                                               0.000     0.000 r  a_in_mult_4bit[0] (IN)
                         net (fo=0)                   0.000     0.000    a_in_mult_4bit[0]
    V17                  IBUF (Prop_ibuf_I_O)         0.221     0.221 r  a_in_mult_4bit_IBUF[0]_inst/O
                         net (fo=9, routed)           0.456     0.677    a_in_mult_4bit_IBUF[0]
    SLICE_X0Y8           LUT2 (Prop_lut2_I1_O)        0.048     0.725 r  out_mult_4bit_OBUF[0]_inst_i_1/O
                         net (fo=1, routed)           0.422     1.147    out_mult_4bit_OBUF[0]
    U16                  OBUF (Prop_obuf_I_O)         1.268     2.415 r  out_mult_4bit_OBUF[0]_inst/O
                         net (fo=0)                   0.000     2.415    out_mult_4bit[0]
    U16                                                               r  out_mult_4bit[0] (OUT)
  -------------------------------------------------------------------    -------------------

Slack:                    inf
  Source:                 b_in_mult_4bit[1]
                            (input port)
  Destination:            out_mult_4bit[2]
                            (output port)
  Path Group:             (none)
  Path Type:              Min at Fast Process Corner
  Data Path Delay:        2.432ns  (logic 1.481ns (60.900%)  route 0.951ns (39.100%))
  Logic Levels:           3  (IBUF=1 LUT6=1 OBUF=1)

    Location             Delay type                Incr(ns)  Path(ns)    Netlist Resource(s)
  -------------------------------------------------------------------    -------------------
    V15                                               0.000     0.000 r  b_in_mult_4bit[1] (IN)
                         net (fo=0)                   0.000     0.000    b_in_mult_4bit[1]
    V15                  IBUF (Prop_ibuf_I_O)         0.234     0.234 r  b_in_mult_4bit_IBUF[1]_inst/O
                         net (fo=6, routed)           0.457     0.691    b_in_mult_4bit_IBUF[1]
    SLICE_X1Y8           LUT6 (Prop_lut6_I1_O)        0.045     0.736 r  out_mult_4bit_OBUF[2]_inst_i_1/O
                         net (fo=1, routed)           0.494     1.230    out_mult_4bit_OBUF[2]
    U19                  OBUF (Prop_obuf_I_O)         1.202     2.432 r  out_mult_4bit_OBUF[2]_inst/O
                         net (fo=0)                   0.000     2.432    out_mult_4bit[2]
    U19                                                               r  out_mult_4bit[2] (OUT)
  -------------------------------------------------------------------    -------------------

Slack:                    inf
  Source:                 b_in_mult_4bit[3]
                            (input port)
  Destination:            out_mult_4bit[4]
                            (output port)
  Path Group:             (none)
  Path Type:              Min at Fast Process Corner
  Data Path Delay:        2.447ns  (logic 1.553ns (63.460%)  route 0.894ns (36.540%))
  Logic Levels:           3  (IBUF=1 LUT4=1 OBUF=1)

    Location             Delay type                Incr(ns)  Path(ns)    Netlist Resource(s)
  -------------------------------------------------------------------    -------------------
    W13                                               0.000     0.000 r  b_in_mult_4bit[3] (IN)
                         net (fo=0)                   0.000     0.000    b_in_mult_4bit[3]
    W13                  IBUF (Prop_ibuf_I_O)         0.227     0.227 r  b_in_mult_4bit_IBUF[3]_inst/O
                         net (fo=7, routed)           0.447     0.674    b_in_mult_4bit_IBUF[3]
    SLICE_X0Y8           LUT4 (Prop_lut4_I1_O)        0.049     0.723 r  out_mult_4bit_OBUF[4]_inst_i_1/O
                         net (fo=1, routed)           0.447     1.170    out_mult_4bit_OBUF[4]
    W18                  OBUF (Prop_obuf_I_O)         1.277     2.447 r  out_mult_4bit_OBUF[4]_inst/O
                         net (fo=0)                   0.000     2.447    out_mult_4bit[4]
    W18                                                               r  out_mult_4bit[4] (OUT)
  -------------------------------------------------------------------    -------------------

Slack:                    inf
  Source:                 a_in_mult_4bit[0]
                            (input port)
  Destination:            out_mult_4bit[1]
                            (output port)
  Path Group:             (none)
  Path Type:              Min at Fast Process Corner
  Data Path Delay:        2.804ns  (logic 1.497ns (53.373%)  route 1.307ns (46.627%))
  Logic Levels:           3  (IBUF=1 LUT4=1 OBUF=1)

    Location             Delay type                Incr(ns)  Path(ns)    Netlist Resource(s)
  -------------------------------------------------------------------    -------------------
    V17                                               0.000     0.000 r  a_in_mult_4bit[0] (IN)
                         net (fo=0)                   0.000     0.000    a_in_mult_4bit[0]
    V17                  IBUF (Prop_ibuf_I_O)         0.221     0.221 r  a_in_mult_4bit_IBUF[0]_inst/O
                         net (fo=9, routed)           0.456     0.677    a_in_mult_4bit_IBUF[0]
    SLICE_X0Y8           LUT4 (Prop_lut4_I0_O)        0.045     0.722 r  out_mult_4bit_OBUF[1]_inst_i_1/O
                         net (fo=1, routed)           0.851     1.573    out_mult_4bit_OBUF[1]
    E19                  OBUF (Prop_obuf_I_O)         1.231     2.804 r  out_mult_4bit_OBUF[1]_inst/O
                         net (fo=0)                   0.000     2.804    out_mult_4bit[1]
    E19                                                               r  out_mult_4bit[1] (OUT)
  -------------------------------------------------------------------    -------------------





