Vivado Simulator v2022.2
Copyright 1986-1999, 2001-2022 Xilinx, Inc. All Rights Reserved.
Running: D:/Xilinx/Vivado/2022.2/bin/unwrapped/win64.o/xelab.exe --incr --debug typical --relax --mt 2 -L xil_defaultlib -L unisims_ver -L unimacro_ver -L secureip --snapshot tb_soda_dispenser_machine_behav xil_defaultlib.tb_soda_dispenser_machine xil_defaultlib.glbl -log elaborate.log 
Using 2 slave threads.
Starting static elaboration
Pass Through NonSizing Optimizer
Completed static elaboration
Starting simulation data flow analysis
WARNING: [XSIM 43-4099] "D:/vivado_project/ddhdl_projects/soda_dispenser_machine/soda_dispenser_machine.srcs/sources_1/imports/rtl_srcs/soda_dispense_machine.v" Line 1. Module soda_dispense_machine doesn't have a timescale but at least one module in design has a timescale.
WARNING: [XSIM 43-4099] "D:/vivado_project/ddhdl_projects/soda_dispenser_machine/soda_dispenser_machine.srcs/sources_1/imports/rtl_srcs/datapath_sdm.v" Line 1. Module datapath_sdm doesn't have a timescale but at least one module in design has a timescale.
WARNING: [XSIM 43-4099] "D:/vivado_project/ddhdl_projects/soda_dispenser_machine/soda_dispenser_machine.srcs/sources_1/imports/rtl_srcs/comparator.v" Line 1. Module comparator doesn't have a timescale but at least one module in design has a timescale.
WARNING: [XSIM 43-4099] "D:/vivado_project/ddhdl_projects/soda_dispenser_machine/soda_dispenser_machine.srcs/sources_1/imports/rtl_srcs/adder.v" Line 1. Module adder doesn't have a timescale but at least one module in design has a timescale.
WARNING: [XSIM 43-4099] "D:/vivado_project/ddhdl_projects/soda_dispenser_machine/soda_dispenser_machine.srcs/sources_1/imports/rtl_srcs/controller_fsm.v" Line 9. Module controller_fsm doesn't have a timescale but at least one module in design has a timescale.
WARNING: [XSIM 43-4099] "D:/vivado_project/ddhdl_projects/soda_dispenser_machine/soda_dispenser_machine.srcs/sources_1/imports/rtl_srcs/soda_dispense_machine.v" Line 1. Module soda_dispense_machine doesn't have a timescale but at least one module in design has a timescale.
WARNING: [XSIM 43-4099] "D:/vivado_project/ddhdl_projects/soda_dispenser_machine/soda_dispenser_machine.srcs/sources_1/imports/rtl_srcs/datapath_sdm.v" Line 1. Module datapath_sdm doesn't have a timescale but at least one module in design has a timescale.
WARNING: [XSIM 43-4099] "D:/vivado_project/ddhdl_projects/soda_dispenser_machine/soda_dispenser_machine.srcs/sources_1/imports/rtl_srcs/comparator.v" Line 1. Module comparator doesn't have a timescale but at least one module in design has a timescale.
WARNING: [XSIM 43-4099] "D:/vivado_project/ddhdl_projects/soda_dispenser_machine/soda_dispenser_machine.srcs/sources_1/imports/rtl_srcs/adder.v" Line 1. Module adder doesn't have a timescale but at least one module in design has a timescale.
WARNING: [XSIM 43-4099] "D:/vivado_project/ddhdl_projects/soda_dispenser_machine/soda_dispenser_machine.srcs/sources_1/imports/rtl_srcs/controller_fsm.v" Line 9. Module controller_fsm doesn't have a timescale but at least one module in design has a timescale.
Completed simulation data flow analysis
Time Resolution for simulation is 1ps
Compiling module xil_defaultlib.comparator
Compiling module xil_defaultlib.adder
Compiling module xil_defaultlib.datapath_sdm
Compiling module xil_defaultlib.controller_fsm
Compiling module xil_defaultlib.soda_dispense_machine
Compiling module xil_defaultlib.tb_soda_dispenser_machine
Compiling module xil_defaultlib.glbl
Built simulation snapshot tb_soda_dispenser_machine_behav
