Copyright 1986-2022 Xilinx, Inc. All Rights Reserved.
---------------------------------------------------------------------------------------------------------------------------------------------------------
| Tool Version : Vivado v.2022.2 (win64) Build 3671981 Fri Oct 14 05:00:03 MDT 2022
| Date         : Fri Dec 19 22:08:23 2025
| Host         : Kaustubh-Galaxy-Book running 64-bit major release  (build 9200)
| Command      : report_drc -file soda_dispense_machine_drc_routed.rpt -pb soda_dispense_machine_drc_routed.pb -rpx soda_dispense_machine_drc_routed.rpx
| Design       : soda_dispense_machine
| Device       : xc7a35tcpg236-1
| Speed File   : -1
| Design State : Fully Routed
---------------------------------------------------------------------------------------------------------------------------------------------------------

Report DRC

Table of Contents
-----------------
1. REPORT SUMMARY
2. REPORT DETAILS

1. REPORT SUMMARY
-----------------
            Netlist: netlist
          Floorplan: design_1
      Design limits: <entire design considered>
           Ruledeck: default
             Max violations: <unlimited>
             Violations found: 4
+---------+----------+----------------------------+------------+
| Rule    | Severity | Description                | Violations |
+---------+----------+----------------------------+------------+
| LUTLP-2 | Warning  | Combinatorial Loop Allowed | 4          |
+---------+----------+----------------------------+------------+

2. REPORT DETAILS
-----------------
LUTLP-2#1 Warning
Combinatorial Loop Allowed  
1 LUT cells form a combinatorial loop. This can create a race condition. Timing analysis may not be accurate. The preferred resolution is to modify the design to remove combinatorial logic loops. This loop has been identified in the constraints as being known and understood by use of the ALLOW_COMBINATORIAL_LOOPS property on a net in the loop. The cells in the loop are: dut2/d_OBUF_inst_i_2.
Related violations: <none>

LUTLP-2#2 Warning
Combinatorial Loop Allowed  
1 LUT cells form a combinatorial loop. This can create a race condition. Timing analysis may not be accurate. The preferred resolution is to modify the design to remove combinatorial logic loops. This loop has been identified in the constraints as being known and understood by use of the ALLOW_COMBINATORIAL_LOOPS property on a net in the loop. The cells in the loop are: dut2/d_OBUF_inst_i_3.
Related violations: <none>

LUTLP-2#3 Warning
Combinatorial Loop Allowed  
1 LUT cells form a combinatorial loop. This can create a race condition. Timing analysis may not be accurate. The preferred resolution is to modify the design to remove combinatorial logic loops. This loop has been identified in the constraints as being known and understood by use of the ALLOW_COMBINATORIAL_LOOPS property on a net in the loop. The cells in the loop are: dut2/d_OBUF_inst_i_4.
Related violations: <none>

LUTLP-2#4 Warning
Combinatorial Loop Allowed  
3 LUT cells form a combinatorial loop. This can create a race condition. Timing analysis may not be accurate. The preferred resolution is to modify the design to remove combinatorial logic loops. This loop has been identified in the constraints as being known and understood by use of the ALLOW_COMBINATORIAL_LOOPS property on a net in the loop. The cells in the loop are: dut2/d_OBUF_inst_i_2, dut2/d_OBUF_inst_i_3, dut2/d_OBUF_inst_i_4.
Related violations: <none>


