Copyright 1986-2022 Xilinx, Inc. All Rights Reserved.
------------------------------------------------------------------------------------------------------------------------------------------------------------------------------------------------------------------------------------------
| Tool Version : Vivado v.2022.2 (win64) Build 3671981 Fri Oct 14 05:00:03 MDT 2022
| Date         : Wed Nov 19 14:16:24 2025
| Host         : Kaustubh-Galaxy-Book running 64-bit major release  (build 9200)
| Command      : report_timing_summary -max_paths 10 -report_unconstrained -file hw_task_sch_top_timing_summary_routed.rpt -pb hw_task_sch_top_timing_summary_routed.pb -rpx hw_task_sch_top_timing_summary_routed.rpx -warn_on_violation
| Design       : hw_task_sch_top
| Device       : 7a35t-cpg236
| Speed File   : -1  PRODUCTION 1.23 2018-06-13
------------------------------------------------------------------------------------------------------------------------------------------------------------------------------------------------------------------------------------------

Timing Summary Report

------------------------------------------------------------------------------------------------
| Timer Settings
| --------------
------------------------------------------------------------------------------------------------

  Enable Multi Corner Analysis               :  Yes
  Enable Pessimism Removal                   :  Yes
  Pessimism Removal Resolution               :  Nearest Common Node
  Enable Input Delay Default Clock           :  No
  Enable Preset / Clear Arcs                 :  No
  Disable Flight Delays                      :  No
  Ignore I/O Paths                           :  No
  Timing Early Launch at Borrowing Latches   :  No
  Borrow Time for Max Delay Exceptions       :  Yes
  Merge Timing Exceptions                    :  Yes

  Corner  Analyze    Analyze    
  Name    Max Paths  Min Paths  
  ------  ---------  ---------  
  Slow    Yes        Yes        
  Fast    Yes        Yes        


------------------------------------------------------------------------------------------------
| Report Methodology
| ------------------
------------------------------------------------------------------------------------------------

Rule       Severity          Description                  Violations  
---------  ----------------  ---------------------------  ----------  
TIMING-17  Critical Warning  Non-clocked sequential cell  17          

Note: This report is based on the most recent report_methodology run and may not be up-to-date. Run report_methodology on the current design for the latest report.



check_timing report

Table of Contents
-----------------
1. checking no_clock (17)
2. checking constant_clock (0)
3. checking pulse_width_clock (0)
4. checking unconstrained_internal_endpoints (43)
5. checking no_input_delay (9)
6. checking no_output_delay (11)
7. checking multiple_clock (0)
8. checking generated_clocks (0)
9. checking loops (0)
10. checking partial_input_delay (0)
11. checking partial_output_delay (0)
12. checking latch_loops (0)

1. checking no_clock (17)
-------------------------
 There are 9 register/latch pins with no clock driven by root clock pin: clk (HIGH)

 There are 8 register/latch pins with no clock driven by root clock pin: slow_clk_reg/Q (HIGH)


2. checking constant_clock (0)
------------------------------
 There are 0 register/latch pins with constant_clock.


3. checking pulse_width_clock (0)
---------------------------------
 There are 0 register/latch pins which need pulse_width check


4. checking unconstrained_internal_endpoints (43)
-------------------------------------------------
 There are 43 pins that are not constrained for maximum delay. (HIGH)

 There are 0 pins that are not constrained for maximum delay due to constant clock.


5. checking no_input_delay (9)
------------------------------
 There are 9 input ports with no input delay specified. (HIGH)

 There are 0 input ports with no input delay but user has a false path constraint.


6. checking no_output_delay (11)
--------------------------------
 There are 11 ports with no output delay specified. (HIGH)

 There are 0 ports with no output delay but user has a false path constraint

 There are 0 ports with no output delay but with a timing clock defined on it or propagating through it


7. checking multiple_clock (0)
------------------------------
 There are 0 register/latch pins with multiple clocks.


8. checking generated_clocks (0)
--------------------------------
 There are 0 generated clocks that are not connected to a clock source.


9. checking loops (0)
---------------------
 There are 0 combinational loops in the design.


10. checking partial_input_delay (0)
------------------------------------
 There are 0 input ports with partial input delay specified.


11. checking partial_output_delay (0)
-------------------------------------
 There are 0 ports with partial output delay specified.


12. checking latch_loops (0)
----------------------------
 There are 0 combinational latch loops in the design through latch input



------------------------------------------------------------------------------------------------
| Design Timing Summary
| ---------------------
------------------------------------------------------------------------------------------------

    WNS(ns)      TNS(ns)  TNS Failing Endpoints  TNS Total Endpoints      WHS(ns)      THS(ns)  THS Failing Endpoints  THS Total Endpoints     WPWS(ns)     TPWS(ns)  TPWS Failing Endpoints  TPWS Total Endpoints  
    -------      -------  ---------------------  -------------------      -------      -------  ---------------------  -------------------     --------     --------  ----------------------  --------------------  
        inf        0.000                      0                   54          inf        0.000                      0                   54           NA           NA                      NA                    NA  


There are no user specified timing constraints.


------------------------------------------------------------------------------------------------
| Clock Summary
| -------------
------------------------------------------------------------------------------------------------


------------------------------------------------------------------------------------------------
| Intra Clock Table
| -----------------
------------------------------------------------------------------------------------------------

Clock             WNS(ns)      TNS(ns)  TNS Failing Endpoints  TNS Total Endpoints      WHS(ns)      THS(ns)  THS Failing Endpoints  THS Total Endpoints     WPWS(ns)     TPWS(ns)  TPWS Failing Endpoints  TPWS Total Endpoints  
-----             -------      -------  ---------------------  -------------------      -------      -------  ---------------------  -------------------     --------     --------  ----------------------  --------------------  


------------------------------------------------------------------------------------------------
| Inter Clock Table
| -----------------
------------------------------------------------------------------------------------------------

From Clock    To Clock          WNS(ns)      TNS(ns)  TNS Failing Endpoints  TNS Total Endpoints      WHS(ns)      THS(ns)  THS Failing Endpoints  THS Total Endpoints  
----------    --------          -------      -------  ---------------------  -------------------      -------      -------  ---------------------  -------------------  


------------------------------------------------------------------------------------------------
| Other Path Groups Table
| -----------------------
------------------------------------------------------------------------------------------------

Path Group    From Clock    To Clock          WNS(ns)      TNS(ns)  TNS Failing Endpoints  TNS Total Endpoints      WHS(ns)      THS(ns)  THS Failing Endpoints  THS Total Endpoints  
----------    ----------    --------          -------      -------  ---------------------  -------------------      -------      -------  ---------------------  -------------------  


------------------------------------------------------------------------------------------------
| User Ignored Path Table
| -----------------------
------------------------------------------------------------------------------------------------

Path Group    From Clock    To Clock    
----------    ----------    --------    


------------------------------------------------------------------------------------------------
| Unconstrained Path Table
| ------------------------
------------------------------------------------------------------------------------------------

Path Group    From Clock    To Clock    
----------    ----------    --------    
(none)                                    


------------------------------------------------------------------------------------------------
| Timing Details
| --------------
------------------------------------------------------------------------------------------------


--------------------------------------------------------------------------------------
Path Group:  (none)
From Clock:  
  To Clock:  

Max Delay            54 Endpoints
Min Delay            54 Endpoints
--------------------------------------------------------------------------------------


Max Delay Paths
--------------------------------------------------------------------------------------
Slack:                    inf
  Source:                 hts_0/core_cnt_reg[2]/C
                            (rising edge-triggered cell FDRE)
  Destination:            core_cnt[2]
                            (output port)
  Path Group:             (none)
  Path Type:              Max at Slow Process Corner
  Data Path Delay:        9.547ns  (logic 3.977ns (41.663%)  route 5.569ns (58.337%))
  Logic Levels:           2  (FDRE=1 OBUF=1)

    Location             Delay type                Incr(ns)  Path(ns)    Netlist Resource(s)
  -------------------------------------------------------------------    -------------------
    SLICE_X1Y13          FDRE                         0.000     0.000 r  hts_0/core_cnt_reg[2]/C
    SLICE_X1Y13          FDRE (Prop_fdre_C_Q)         0.456     0.456 r  hts_0/core_cnt_reg[2]/Q
                         net (fo=12, routed)          5.569     6.025    core_cnt_OBUF[2]
    L1                   OBUF (Prop_obuf_I_O)         3.521     9.547 r  core_cnt_OBUF[2]_inst/O
                         net (fo=0)                   0.000     9.547    core_cnt[2]
    L1                                                                r  core_cnt[2] (OUT)
  -------------------------------------------------------------------    -------------------

Slack:                    inf
  Source:                 hts_0/core_cnt_reg[0]/C
                            (rising edge-triggered cell FDRE)
  Destination:            core_cnt[0]
                            (output port)
  Path Group:             (none)
  Path Type:              Max at Slow Process Corner
  Data Path Delay:        9.429ns  (logic 3.963ns (42.035%)  route 5.465ns (57.965%))
  Logic Levels:           2  (FDRE=1 OBUF=1)

    Location             Delay type                Incr(ns)  Path(ns)    Netlist Resource(s)
  -------------------------------------------------------------------    -------------------
    SLICE_X1Y13          FDRE                         0.000     0.000 r  hts_0/core_cnt_reg[0]/C
    SLICE_X1Y13          FDRE (Prop_fdre_C_Q)         0.456     0.456 r  hts_0/core_cnt_reg[0]/Q
                         net (fo=14, routed)          5.465     5.921    core_cnt_OBUF[0]
    N3                   OBUF (Prop_obuf_I_O)         3.507     9.429 r  core_cnt_OBUF[0]_inst/O
                         net (fo=0)                   0.000     9.429    core_cnt[0]
    N3                                                                r  core_cnt[0] (OUT)
  -------------------------------------------------------------------    -------------------

Slack:                    inf
  Source:                 hts_0/core_cnt_reg[1]/C
                            (rising edge-triggered cell FDRE)
  Destination:            core_cnt[1]
                            (output port)
  Path Group:             (none)
  Path Type:              Max at Slow Process Corner
  Data Path Delay:        9.004ns  (logic 4.109ns (45.642%)  route 4.894ns (54.358%))
  Logic Levels:           2  (FDRE=1 OBUF=1)

    Location             Delay type                Incr(ns)  Path(ns)    Netlist Resource(s)
  -------------------------------------------------------------------    -------------------
    SLICE_X1Y13          FDRE                         0.000     0.000 r  hts_0/core_cnt_reg[1]/C
    SLICE_X1Y13          FDRE (Prop_fdre_C_Q)         0.419     0.419 r  hts_0/core_cnt_reg[1]/Q
                         net (fo=13, routed)          4.894     5.313    core_cnt_OBUF[1]
    P1                   OBUF (Prop_obuf_I_O)         3.690     9.004 r  core_cnt_OBUF[1]_inst/O
                         net (fo=0)                   0.000     9.004    core_cnt[1]
    P1                                                                r  core_cnt[1] (OUT)
  -------------------------------------------------------------------    -------------------

Slack:                    inf
  Source:                 hts_0/out_allot_reg/C
                            (rising edge-triggered cell FDRE)
  Destination:            out_allot[1]
                            (output port)
  Path Group:             (none)
  Path Type:              Max at Slow Process Corner
  Data Path Delay:        8.222ns  (logic 4.245ns (51.624%)  route 3.978ns (48.376%))
  Logic Levels:           3  (FDRE=1 LUT4=1 OBUF=1)

    Location             Delay type                Incr(ns)  Path(ns)    Netlist Resource(s)
  -------------------------------------------------------------------    -------------------
    SLICE_X1Y10          FDRE                         0.000     0.000 r  hts_0/out_allot_reg/C
    SLICE_X1Y10          FDRE (Prop_fdre_C_Q)         0.419     0.419 r  hts_0/out_allot_reg/Q
                         net (fo=13, routed)          1.340     1.759    hts_0/w_allot_htd
    SLICE_X0Y17          LUT4 (Prop_lut4_I3_O)        0.296     2.055 r  hts_0/out_allot_OBUF[1]_inst_i_1/O
                         net (fo=1, routed)           2.638     4.693    out_allot_OBUF[1]
    E19                  OBUF (Prop_obuf_I_O)         3.530     8.222 r  out_allot_OBUF[1]_inst/O
                         net (fo=0)                   0.000     8.222    out_allot[1]
    E19                                                               r  out_allot[1] (OUT)
  -------------------------------------------------------------------    -------------------

Slack:                    inf
  Source:                 hts_0/out_allot_reg/C
                            (rising edge-triggered cell FDRE)
  Destination:            out_allot[7]
                            (output port)
  Path Group:             (none)
  Path Type:              Max at Slow Process Corner
  Data Path Delay:        8.005ns  (logic 4.446ns (55.539%)  route 3.559ns (44.461%))
  Logic Levels:           3  (FDRE=1 LUT4=1 OBUF=1)

    Location             Delay type                Incr(ns)  Path(ns)    Netlist Resource(s)
  -------------------------------------------------------------------    -------------------
    SLICE_X1Y10          FDRE                         0.000     0.000 r  hts_0/out_allot_reg/C
    SLICE_X1Y10          FDRE (Prop_fdre_C_Q)         0.419     0.419 r  hts_0/out_allot_reg/Q
                         net (fo=13, routed)          1.411     1.830    hts_0/w_allot_htd
    SLICE_X0Y16          LUT4 (Prop_lut4_I0_O)        0.324     2.154 r  hts_0/out_allot_OBUF[7]_inst_i_1/O
                         net (fo=1, routed)           2.148     4.302    out_allot_OBUF[7]
    V14                  OBUF (Prop_obuf_I_O)         3.703     8.005 r  out_allot_OBUF[7]_inst/O
                         net (fo=0)                   0.000     8.005    out_allot[7]
    V14                                                               r  out_allot[7] (OUT)
  -------------------------------------------------------------------    -------------------

Slack:                    inf
  Source:                 hts_0/out_allot_reg/C
                            (rising edge-triggered cell FDRE)
  Destination:            out_allot[6]
                            (output port)
  Path Group:             (none)
  Path Type:              Max at Slow Process Corner
  Data Path Delay:        7.828ns  (logic 4.449ns (56.837%)  route 3.379ns (43.163%))
  Logic Levels:           3  (FDRE=1 LUT4=1 OBUF=1)

    Location             Delay type                Incr(ns)  Path(ns)    Netlist Resource(s)
  -------------------------------------------------------------------    -------------------
    SLICE_X1Y10          FDRE                         0.000     0.000 r  hts_0/out_allot_reg/C
    SLICE_X1Y10          FDRE (Prop_fdre_C_Q)         0.419     0.419 r  hts_0/out_allot_reg/Q
                         net (fo=13, routed)          1.110     1.529    hts_0/w_allot_htd
    SLICE_X0Y15          LUT4 (Prop_lut4_I2_O)        0.322     1.851 r  hts_0/out_allot_OBUF[6]_inst_i_1/O
                         net (fo=1, routed)           2.269     4.120    out_allot_OBUF[6]
    U14                  OBUF (Prop_obuf_I_O)         3.708     7.828 r  out_allot_OBUF[6]_inst/O
                         net (fo=0)                   0.000     7.828    out_allot[6]
    U14                                                               r  out_allot[6] (OUT)
  -------------------------------------------------------------------    -------------------

Slack:                    inf
  Source:                 hts_0/out_allot_reg/C
                            (rising edge-triggered cell FDRE)
  Destination:            out_allot[4]
                            (output port)
  Path Group:             (none)
  Path Type:              Max at Slow Process Corner
  Data Path Delay:        7.491ns  (logic 4.452ns (59.425%)  route 3.040ns (40.575%))
  Logic Levels:           3  (FDRE=1 LUT4=1 OBUF=1)

    Location             Delay type                Incr(ns)  Path(ns)    Netlist Resource(s)
  -------------------------------------------------------------------    -------------------
    SLICE_X1Y10          FDRE                         0.000     0.000 r  hts_0/out_allot_reg/C
    SLICE_X1Y10          FDRE (Prop_fdre_C_Q)         0.419     0.419 r  hts_0/out_allot_reg/Q
                         net (fo=13, routed)          1.340     1.759    hts_0/w_allot_htd
    SLICE_X0Y17          LUT4 (Prop_lut4_I2_O)        0.322     2.081 r  hts_0/out_allot_OBUF[4]_inst_i_1/O
                         net (fo=1, routed)           1.700     3.781    out_allot_OBUF[4]
    W18                  OBUF (Prop_obuf_I_O)         3.711     7.491 r  out_allot_OBUF[4]_inst/O
                         net (fo=0)                   0.000     7.491    out_allot[4]
    W18                                                               r  out_allot[4] (OUT)
  -------------------------------------------------------------------    -------------------

Slack:                    inf
  Source:                 hts_0/core_cnt_reg[1]/C
                            (rising edge-triggered cell FDRE)
  Destination:            out_allot[0]
                            (output port)
  Path Group:             (none)
  Path Type:              Max at Slow Process Corner
  Data Path Delay:        7.379ns  (logic 4.453ns (60.342%)  route 2.926ns (39.658%))
  Logic Levels:           3  (FDRE=1 LUT4=1 OBUF=1)

    Location             Delay type                Incr(ns)  Path(ns)    Netlist Resource(s)
  -------------------------------------------------------------------    -------------------
    SLICE_X1Y13          FDRE                         0.000     0.000 r  hts_0/core_cnt_reg[1]/C
    SLICE_X1Y13          FDRE (Prop_fdre_C_Q)         0.419     0.419 f  hts_0/core_cnt_reg[1]/Q
                         net (fo=13, routed)          1.050     1.469    hts_0/core_cnt_OBUF[1]
    SLICE_X0Y10          LUT4 (Prop_lut4_I3_O)        0.327     1.796 r  hts_0/out_allot_OBUF[0]_inst_i_1/O
                         net (fo=1, routed)           1.876     3.672    out_allot_OBUF[0]
    U16                  OBUF (Prop_obuf_I_O)         3.707     7.379 r  out_allot_OBUF[0]_inst/O
                         net (fo=0)                   0.000     7.379    out_allot[0]
    U16                                                               r  out_allot[0] (OUT)
  -------------------------------------------------------------------    -------------------

Slack:                    inf
  Source:                 hts_0/out_allot_reg/C
                            (rising edge-triggered cell FDRE)
  Destination:            out_allot[3]
                            (output port)
  Path Group:             (none)
  Path Type:              Max at Slow Process Corner
  Data Path Delay:        7.346ns  (logic 4.224ns (57.500%)  route 3.122ns (42.500%))
  Logic Levels:           3  (FDRE=1 LUT4=1 OBUF=1)

    Location             Delay type                Incr(ns)  Path(ns)    Netlist Resource(s)
  -------------------------------------------------------------------    -------------------
    SLICE_X1Y10          FDRE                         0.000     0.000 r  hts_0/out_allot_reg/C
    SLICE_X1Y10          FDRE (Prop_fdre_C_Q)         0.419     0.419 r  hts_0/out_allot_reg/Q
                         net (fo=13, routed)          1.411     1.830    hts_0/w_allot_htd
    SLICE_X0Y16          LUT4 (Prop_lut4_I0_O)        0.296     2.126 r  hts_0/out_allot_OBUF[3]_inst_i_1/O
                         net (fo=1, routed)           1.712     3.837    out_allot_OBUF[3]
    V19                  OBUF (Prop_obuf_I_O)         3.509     7.346 r  out_allot_OBUF[3]_inst/O
                         net (fo=0)                   0.000     7.346    out_allot[3]
    V19                                                               r  out_allot[3] (OUT)
  -------------------------------------------------------------------    -------------------

Slack:                    inf
  Source:                 hts_0/out_allot_reg/C
                            (rising edge-triggered cell FDRE)
  Destination:            out_allot[2]
                            (output port)
  Path Group:             (none)
  Path Type:              Max at Slow Process Corner
  Data Path Delay:        7.187ns  (logic 4.216ns (58.657%)  route 2.972ns (41.343%))
  Logic Levels:           3  (FDRE=1 LUT4=1 OBUF=1)

    Location             Delay type                Incr(ns)  Path(ns)    Netlist Resource(s)
  -------------------------------------------------------------------    -------------------
    SLICE_X1Y10          FDRE                         0.000     0.000 r  hts_0/out_allot_reg/C
    SLICE_X1Y10          FDRE (Prop_fdre_C_Q)         0.419     0.419 r  hts_0/out_allot_reg/Q
                         net (fo=13, routed)          1.110     1.529    hts_0/w_allot_htd
    SLICE_X0Y15          LUT4 (Prop_lut4_I3_O)        0.296     1.825 r  hts_0/out_allot_OBUF[2]_inst_i_1/O
                         net (fo=1, routed)           1.862     3.687    out_allot_OBUF[2]
    U19                  OBUF (Prop_obuf_I_O)         3.501     7.187 r  out_allot_OBUF[2]_inst/O
                         net (fo=0)                   0.000     7.187    out_allot[2]
    U19                                                               r  out_allot[2] (OUT)
  -------------------------------------------------------------------    -------------------





Min Delay Paths
--------------------------------------------------------------------------------------
Slack:                    inf
  Source:                 count_clk_reg[2]/C
                            (rising edge-triggered cell FDRE)
  Destination:            slow_clk_reg/D
  Path Group:             (none)
  Path Type:              Min at Fast Process Corner
  Data Path Delay:        0.278ns  (logic 0.186ns (67.005%)  route 0.092ns (32.995%))
  Logic Levels:           2  (FDRE=1 LUT6=1)

    Location             Delay type                Incr(ns)  Path(ns)    Netlist Resource(s)
  -------------------------------------------------------------------    -------------------
    SLICE_X1Y11          FDRE                         0.000     0.000 r  count_clk_reg[2]/C
    SLICE_X1Y11          FDRE (Prop_fdre_C_Q)         0.141     0.141 r  count_clk_reg[2]/Q
                         net (fo=4, routed)           0.092     0.233    count_clk_reg[2]
    SLICE_X0Y11          LUT6 (Prop_lut6_I1_O)        0.045     0.278 r  slow_clk_i_1/O
                         net (fo=1, routed)           0.000     0.278    slow_clk_i_1_n_0
    SLICE_X0Y11          FDRE                                         r  slow_clk_reg/D
  -------------------------------------------------------------------    -------------------

Slack:                    inf
  Source:                 hts_0/out_allot_reg/C
                            (rising edge-triggered cell FDRE)
  Destination:            hts_0/FSM_onehot_state_reg[0]/D
  Path Group:             (none)
  Path Type:              Min at Fast Process Corner
  Data Path Delay:        0.284ns  (logic 0.128ns (45.138%)  route 0.156ns (54.862%))
  Logic Levels:           1  (FDRE=1)

    Location             Delay type                Incr(ns)  Path(ns)    Netlist Resource(s)
  -------------------------------------------------------------------    -------------------
    SLICE_X1Y10          FDRE                         0.000     0.000 r  hts_0/out_allot_reg/C
    SLICE_X1Y10          FDRE (Prop_fdre_C_Q)         0.128     0.128 r  hts_0/out_allot_reg/Q
                         net (fo=13, routed)          0.156     0.284    hts_0/w_allot_htd
    SLICE_X0Y10          FDSE                                         r  hts_0/FSM_onehot_state_reg[0]/D
  -------------------------------------------------------------------    -------------------

Slack:                    inf
  Source:                 hts_0/FSM_onehot_state_reg[0]/C
                            (rising edge-triggered cell FDSE)
  Destination:            hts_0/FSM_onehot_state_reg[1]/D
  Path Group:             (none)
  Path Type:              Min at Fast Process Corner
  Data Path Delay:        0.284ns  (logic 0.186ns (65.543%)  route 0.098ns (34.457%))
  Logic Levels:           2  (FDSE=1 LUT2=1)

    Location             Delay type                Incr(ns)  Path(ns)    Netlist Resource(s)
  -------------------------------------------------------------------    -------------------
    SLICE_X0Y10          FDSE                         0.000     0.000 r  hts_0/FSM_onehot_state_reg[0]/C
    SLICE_X0Y10          FDSE (Prop_fdse_C_Q)         0.141     0.141 r  hts_0/FSM_onehot_state_reg[0]/Q
                         net (fo=2, routed)           0.098     0.239    hts_0/temp_instr
    SLICE_X1Y10          LUT2 (Prop_lut2_I0_O)        0.045     0.284 r  hts_0/FSM_onehot_state[1]_i_1/O
                         net (fo=1, routed)           0.000     0.284    hts_0/FSM_onehot_state[1]_i_1_n_0
    SLICE_X1Y10          FDRE                                         r  hts_0/FSM_onehot_state_reg[1]/D
  -------------------------------------------------------------------    -------------------

Slack:                    inf
  Source:                 hts_0/FSM_onehot_state_reg[3]/C
                            (rising edge-triggered cell FDRE)
  Destination:            hts_0/out_allot_reg/D
  Path Group:             (none)
  Path Type:              Min at Fast Process Corner
  Data Path Delay:        0.319ns  (logic 0.128ns (40.088%)  route 0.191ns (59.912%))
  Logic Levels:           1  (FDRE=1)

    Location             Delay type                Incr(ns)  Path(ns)    Netlist Resource(s)
  -------------------------------------------------------------------    -------------------
    SLICE_X1Y10          FDRE                         0.000     0.000 r  hts_0/FSM_onehot_state_reg[3]/C
    SLICE_X1Y10          FDRE (Prop_fdre_C_Q)         0.128     0.128 r  hts_0/FSM_onehot_state_reg[3]/Q
                         net (fo=2, routed)           0.191     0.319    hts_0/FSM_onehot_state_reg_n_0_[3]
    SLICE_X1Y10          FDRE                                         r  hts_0/out_allot_reg/D
  -------------------------------------------------------------------    -------------------

Slack:                    inf
  Source:                 hts_0/core_cnt_reg[1]/C
                            (rising edge-triggered cell FDRE)
  Destination:            hts_0/core_cnt_reg[2]/D
  Path Group:             (none)
  Path Type:              Min at Fast Process Corner
  Data Path Delay:        0.344ns  (logic 0.227ns (66.063%)  route 0.117ns (33.937%))
  Logic Levels:           2  (FDRE=1 LUT6=1)

    Location             Delay type                Incr(ns)  Path(ns)    Netlist Resource(s)
  -------------------------------------------------------------------    -------------------
    SLICE_X1Y13          FDRE                         0.000     0.000 r  hts_0/core_cnt_reg[1]/C
    SLICE_X1Y13          FDRE (Prop_fdre_C_Q)         0.128     0.128 r  hts_0/core_cnt_reg[1]/Q
                         net (fo=13, routed)          0.117     0.245    hts_0/core_cnt_OBUF[1]
    SLICE_X1Y13          LUT6 (Prop_lut6_I3_O)        0.099     0.344 r  hts_0/core_cnt[2]_i_1/O
                         net (fo=1, routed)           0.000     0.344    hts_0/core_cnt[2]_i_1_n_0
    SLICE_X1Y13          FDRE                                         r  hts_0/core_cnt_reg[2]/D
  -------------------------------------------------------------------    -------------------

Slack:                    inf
  Source:                 count_clk_reg[7]/C
                            (rising edge-triggered cell FDRE)
  Destination:            count_clk_reg[7]/D
  Path Group:             (none)
  Path Type:              Min at Fast Process Corner
  Data Path Delay:        0.368ns  (logic 0.249ns (67.612%)  route 0.119ns (32.388%))
  Logic Levels:           2  (CARRY4=1 FDRE=1)

    Location             Delay type                Incr(ns)  Path(ns)    Netlist Resource(s)
  -------------------------------------------------------------------    -------------------
    SLICE_X1Y12          FDRE                         0.000     0.000 r  count_clk_reg[7]/C
    SLICE_X1Y12          FDRE (Prop_fdre_C_Q)         0.141     0.141 r  count_clk_reg[7]/Q
                         net (fo=2, routed)           0.119     0.260    count_clk_reg[7]
    SLICE_X1Y12          CARRY4 (Prop_carry4_S[3]_O[3])
                                                      0.108     0.368 r  count_clk_reg[4]_i_1/O[3]
                         net (fo=1, routed)           0.000     0.368    count_clk_reg[4]_i_1_n_4
    SLICE_X1Y12          FDRE                                         r  count_clk_reg[7]/D
  -------------------------------------------------------------------    -------------------

Slack:                    inf
  Source:                 count_clk_reg[6]/C
                            (rising edge-triggered cell FDRE)
  Destination:            count_clk_reg[6]/D
  Path Group:             (none)
  Path Type:              Min at Fast Process Corner
  Data Path Delay:        0.372ns  (logic 0.252ns (67.654%)  route 0.120ns (32.346%))
  Logic Levels:           2  (CARRY4=1 FDRE=1)

    Location             Delay type                Incr(ns)  Path(ns)    Netlist Resource(s)
  -------------------------------------------------------------------    -------------------
    SLICE_X1Y12          FDRE                         0.000     0.000 r  count_clk_reg[6]/C
    SLICE_X1Y12          FDRE (Prop_fdre_C_Q)         0.141     0.141 r  count_clk_reg[6]/Q
                         net (fo=2, routed)           0.120     0.261    count_clk_reg[6]
    SLICE_X1Y12          CARRY4 (Prop_carry4_S[2]_O[2])
                                                      0.111     0.372 r  count_clk_reg[4]_i_1/O[2]
                         net (fo=1, routed)           0.000     0.372    count_clk_reg[4]_i_1_n_5
    SLICE_X1Y12          FDRE                                         r  count_clk_reg[6]/D
  -------------------------------------------------------------------    -------------------

Slack:                    inf
  Source:                 count_clk_reg[4]/C
                            (rising edge-triggered cell FDRE)
  Destination:            count_clk_reg[4]/D
  Path Group:             (none)
  Path Type:              Min at Fast Process Corner
  Data Path Delay:        0.373ns  (logic 0.256ns (68.565%)  route 0.117ns (31.435%))
  Logic Levels:           2  (CARRY4=1 FDRE=1)

    Location             Delay type                Incr(ns)  Path(ns)    Netlist Resource(s)
  -------------------------------------------------------------------    -------------------
    SLICE_X1Y12          FDRE                         0.000     0.000 r  count_clk_reg[4]/C
    SLICE_X1Y12          FDRE (Prop_fdre_C_Q)         0.141     0.141 r  count_clk_reg[4]/Q
                         net (fo=4, routed)           0.117     0.258    count_clk_reg[4]
    SLICE_X1Y12          CARRY4 (Prop_carry4_S[0]_O[0])
                                                      0.115     0.373 r  count_clk_reg[4]_i_1/O[0]
                         net (fo=1, routed)           0.000     0.373    count_clk_reg[4]_i_1_n_7
    SLICE_X1Y12          FDRE                                         r  count_clk_reg[4]/D
  -------------------------------------------------------------------    -------------------

Slack:                    inf
  Source:                 count_clk_reg[3]/C
                            (rising edge-triggered cell FDRE)
  Destination:            count_clk_reg[3]/D
  Path Group:             (none)
  Path Type:              Min at Fast Process Corner
  Data Path Delay:        0.390ns  (logic 0.249ns (63.767%)  route 0.141ns (36.233%))
  Logic Levels:           2  (CARRY4=1 FDRE=1)

    Location             Delay type                Incr(ns)  Path(ns)    Netlist Resource(s)
  -------------------------------------------------------------------    -------------------
    SLICE_X1Y11          FDRE                         0.000     0.000 r  count_clk_reg[3]/C
    SLICE_X1Y11          FDRE (Prop_fdre_C_Q)         0.141     0.141 r  count_clk_reg[3]/Q
                         net (fo=4, routed)           0.141     0.282    count_clk_reg[3]
    SLICE_X1Y11          CARRY4 (Prop_carry4_S[3]_O[3])
                                                      0.108     0.390 r  count_clk_reg[0]_i_3/O[3]
                         net (fo=1, routed)           0.000     0.390    count_clk_reg[0]_i_3_n_4
    SLICE_X1Y11          FDRE                                         r  count_clk_reg[3]/D
  -------------------------------------------------------------------    -------------------

Slack:                    inf
  Source:                 count_clk_reg[2]/C
                            (rising edge-triggered cell FDRE)
  Destination:            count_clk_reg[2]/D
  Path Group:             (none)
  Path Type:              Min at Fast Process Corner
  Data Path Delay:        0.395ns  (logic 0.252ns (63.847%)  route 0.143ns (36.153%))
  Logic Levels:           2  (CARRY4=1 FDRE=1)

    Location             Delay type                Incr(ns)  Path(ns)    Netlist Resource(s)
  -------------------------------------------------------------------    -------------------
    SLICE_X1Y11          FDRE                         0.000     0.000 r  count_clk_reg[2]/C
    SLICE_X1Y11          FDRE (Prop_fdre_C_Q)         0.141     0.141 r  count_clk_reg[2]/Q
                         net (fo=4, routed)           0.143     0.284    count_clk_reg[2]
    SLICE_X1Y11          CARRY4 (Prop_carry4_S[2]_O[2])
                                                      0.111     0.395 r  count_clk_reg[0]_i_3/O[2]
                         net (fo=1, routed)           0.000     0.395    count_clk_reg[0]_i_3_n_5
    SLICE_X1Y11          FDRE                                         r  count_clk_reg[2]/D
  -------------------------------------------------------------------    -------------------





