Vivado Simulator v2022.2
Copyright 1986-1999, 2001-2022 Xilinx, Inc. All Rights Reserved.
Running: D:/Xilinx/Vivado/2022.2/bin/unwrapped/win64.o/xelab.exe --incr --debug typical --relax --mt 2 -L xil_defaultlib -L unisims_ver -L secureip --snapshot tb_soda_dispenser_machine_func_synth xil_defaultlib.tb_soda_dispenser_machine xil_defaultlib.glbl -log elaborate.log 
Using 2 slave threads.
Starting static elaboration
Pass Through NonSizing Optimizer
Completed static elaboration
Starting simulation data flow analysis
Completed simulation data flow analysis
Time Resolution for simulation is 1ps
Compiling module unisims_ver.IBUF
Compiling module unisims_ver.OBUF
Compiling module unisims_ver.LUT5
Compiling module unisims_ver.x_lut2_mux4
Compiling module unisims_ver.LUT2
Compiling module unisims_ver.CARRY4
Compiling module xil_defaultlib.comparator
Compiling module xil_defaultlib.adder
Compiling module unisims_ver.LUT4
Compiling module unisims_ver.latchsre_ldce
Compiling module unisims_ver.LDCE
Compiling module xil_defaultlib.datapath_sdm
Compiling module xil_defaultlib.soda_dispense_machine
Compiling module xil_defaultlib.tb_soda_dispenser_machine
Compiling module xil_defaultlib.glbl
Built simulation snapshot tb_soda_dispenser_machine_func_synth
