
*** Running vivado
    with args -log hw_task_sch_top.vds -m64 -product Vivado -mode batch -messageDb vivado.pb -notrace -source hw_task_sch_top.tcl



****** Vivado v2022.2 (64-bit)
  **** SW Build 3671981 on Fri Oct 14 05:00:03 MDT 2022
  **** IP Build 3669848 on Fri Oct 14 08:30:02 MDT 2022
    ** Copyright 1986-2022 Xilinx, Inc. All Rights Reserved.

source hw_task_sch_top.tcl -notrace
create_project: Time (s): cpu = 00:00:08 ; elapsed = 00:00:17 . Memory (MB): peak = 394.457 ; gain = 74.637
Command: read_checkpoint -auto_incremental -incremental D:/vivado_project/asic_fpga_project/hw_task_sch_f/hw_task_sch_f.srcs/utils_1/imports/synth_1/hw_task_sch_top.dcp
INFO: [Vivado 12-5825] Read reference checkpoint from D:/vivado_project/asic_fpga_project/hw_task_sch_f/hw_task_sch_f.srcs/utils_1/imports/synth_1/hw_task_sch_top.dcp for incremental synthesis
INFO: [Vivado 12-7989] Please ensure there are no constraint changes
Command: synth_design -top hw_task_sch_top -part xc7a35tcpg236-1
Starting synth_design
Attempting to get a license for feature 'Synthesis' and/or device 'xc7a35t'
INFO: [Common 17-349] Got license for feature 'Synthesis' and/or device 'xc7a35t'
INFO: [Device 21-403] Loading part xc7a35tcpg236-1
INFO: [Designutils 20-5440] No compile time benefit to using incremental synthesis; A full resynthesis will be run
INFO: [Designutils 20-4379] Flow is switching to default flow due to incremental criteria not met. If you would like to alter this behaviour and have the flow terminate instead, please set the following parameter config_implementation {autoIncr.Synth.RejectBehavior Terminate}
INFO: [Synth 8-7079] Multithreading enabled for synth_design using a maximum of 2 processes.
INFO: [Synth 8-7078] Launching helper process for spawning children vivado processes
INFO: [Synth 8-7075] Helper process launched with PID 1932
INFO: [Synth 8-11241] undeclared symbol 'REGCCE', assumed default net type 'wire' [D:/Xilinx/Vivado/2022.2/data/verilog/src/unimacro/BRAM_SINGLE_MACRO.v:2170]
INFO: [Synth 8-11241] undeclared symbol 'in_instr', assumed default net type 'wire' [D:/vivado_project/asic_fpga_project/hw_task_sch_f/hw_task_sch_f.srcs/sources_1/imports/rtl_srcs/hw_task_sch_top.v:45]
---------------------------------------------------------------------------------
Starting RTL Elaboration : Time (s): cpu = 00:00:07 ; elapsed = 00:00:11 . Memory (MB): peak = 1205.547 ; gain = 407.852
---------------------------------------------------------------------------------
INFO: [Synth 8-6157] synthesizing module 'hw_task_sch_top' [D:/vivado_project/asic_fpga_project/hw_task_sch_f/hw_task_sch_f.srcs/sources_1/imports/rtl_srcs/hw_task_sch_top.v:23]
INFO: [Synth 8-6157] synthesizing module 'hw_task_sch' [D:/vivado_project/asic_fpga_project/hw_task_sch_f/hw_task_sch_f.srcs/sources_1/imports/rtl_srcs/hw_task_sch.v:23]
INFO: [Synth 8-155] case statement is not full and has no default [D:/vivado_project/asic_fpga_project/hw_task_sch_f/hw_task_sch_f.srcs/sources_1/imports/rtl_srcs/hw_task_sch.v:60]
INFO: [Synth 8-6155] done synthesizing module 'hw_task_sch' (0#1) [D:/vivado_project/asic_fpga_project/hw_task_sch_f/hw_task_sch_f.srcs/sources_1/imports/rtl_srcs/hw_task_sch.v:23]
INFO: [Synth 8-6157] synthesizing module 'demux_1to8_16b' [D:/vivado_project/asic_fpga_project/hw_task_sch_f/hw_task_sch_f.srcs/sources_1/imports/rtl_srcs/demux_1to8_16b.v:23]
INFO: [Synth 8-226] default block is never used [D:/vivado_project/asic_fpga_project/hw_task_sch_f/hw_task_sch_f.srcs/sources_1/imports/rtl_srcs/demux_1to8_16b.v:33]
INFO: [Synth 8-6155] done synthesizing module 'demux_1to8_16b' (0#1) [D:/vivado_project/asic_fpga_project/hw_task_sch_f/hw_task_sch_f.srcs/sources_1/imports/rtl_srcs/demux_1to8_16b.v:23]
INFO: [Synth 8-6155] done synthesizing module 'hw_task_sch_top' (0#1) [D:/vivado_project/asic_fpga_project/hw_task_sch_f/hw_task_sch_f.srcs/sources_1/imports/rtl_srcs/hw_task_sch_top.v:23]
WARNING: [Synth 8-3848] Net in_instr in module/entity hw_task_sch_top does not have driver. [D:/vivado_project/asic_fpga_project/hw_task_sch_f/hw_task_sch_f.srcs/sources_1/imports/rtl_srcs/hw_task_sch_top.v:45]
---------------------------------------------------------------------------------
Finished RTL Elaboration : Time (s): cpu = 00:00:09 ; elapsed = 00:00:14 . Memory (MB): peak = 1295.859 ; gain = 498.164
---------------------------------------------------------------------------------
---------------------------------------------------------------------------------
Start Handling Custom Attributes
---------------------------------------------------------------------------------
---------------------------------------------------------------------------------
Finished Handling Custom Attributes : Time (s): cpu = 00:00:09 ; elapsed = 00:00:15 . Memory (MB): peak = 1295.859 ; gain = 498.164
---------------------------------------------------------------------------------
---------------------------------------------------------------------------------
Finished RTL Optimization Phase 1 : Time (s): cpu = 00:00:09 ; elapsed = 00:00:15 . Memory (MB): peak = 1295.859 ; gain = 498.164
---------------------------------------------------------------------------------
Netlist sorting complete. Time (s): cpu = 00:00:00 ; elapsed = 00:00:00.002 . Memory (MB): peak = 1295.859 ; gain = 0.000
INFO: [Project 1-570] Preparing netlist for logic optimization

Processing XDC Constraints
Initializing timing engine
Parsing XDC File [D:/vivado_project/asic_fpga_project/hw_task_sch_f/hw_task_sch_f.srcs/constrs_1/imports/constr/basys3.xdc]
Finished Parsing XDC File [D:/vivado_project/asic_fpga_project/hw_task_sch_f/hw_task_sch_f.srcs/constrs_1/imports/constr/basys3.xdc]
INFO: [Project 1-236] Implementation specific constraints were found while reading constraint file [D:/vivado_project/asic_fpga_project/hw_task_sch_f/hw_task_sch_f.srcs/constrs_1/imports/constr/basys3.xdc]. These constraints will be ignored for synthesis but will be used in implementation. Impacted constraints are listed in the file [.Xil/hw_task_sch_top_propImpl.xdc].
Resolution: To avoid this warning, move constraints listed in [.Xil/hw_task_sch_top_propImpl.xdc] to another XDC file and exclude this new file from synthesis with the used_in_synthesis property (File Properties dialog in GUI) and re-run elaboration/synthesis.
Parsing XDC File [D:/vivado_project/asic_fpga_project/hw_task_sch_f/constr/basys3.xdc]
Finished Parsing XDC File [D:/vivado_project/asic_fpga_project/hw_task_sch_f/constr/basys3.xdc]
Completed Processing XDC Constraints

Netlist sorting complete. Time (s): cpu = 00:00:00 ; elapsed = 00:00:00 . Memory (MB): peak = 1400.156 ; gain = 0.000
INFO: [Project 1-111] Unisim Transformation Summary:
No Unisim elements were transformed.

Constraint Validation Runtime : Time (s): cpu = 00:00:00 ; elapsed = 00:00:00.003 . Memory (MB): peak = 1400.156 ; gain = 0.000
INFO: [Designutils 20-5440] No compile time benefit to using incremental synthesis; A full resynthesis will be run
INFO: [Designutils 20-4379] Flow is switching to default flow due to incremental criteria not met. If you would like to alter this behaviour and have the flow terminate instead, please set the following parameter config_implementation {autoIncr.Synth.RejectBehavior Terminate}
INFO: [Synth 8-11241] undeclared symbol 'REGCCE', assumed default net type 'wire' [D:/Xilinx/Vivado/2022.2/data/verilog/src/unimacro/BRAM_SINGLE_MACRO.v:2170]
---------------------------------------------------------------------------------
Finished Constraint Validation : Time (s): cpu = 00:00:18 ; elapsed = 00:00:25 . Memory (MB): peak = 1400.156 ; gain = 602.461
---------------------------------------------------------------------------------
---------------------------------------------------------------------------------
Start Loading Part and Timing Information
---------------------------------------------------------------------------------
Loading part: xc7a35tcpg236-1
---------------------------------------------------------------------------------
Finished Loading Part and Timing Information : Time (s): cpu = 00:00:18 ; elapsed = 00:00:25 . Memory (MB): peak = 1400.156 ; gain = 602.461
---------------------------------------------------------------------------------
---------------------------------------------------------------------------------
Start Applying 'set_property' XDC Constraints
---------------------------------------------------------------------------------
---------------------------------------------------------------------------------
Finished applying 'set_property' XDC Constraints : Time (s): cpu = 00:00:18 ; elapsed = 00:00:25 . Memory (MB): peak = 1400.156 ; gain = 602.461
---------------------------------------------------------------------------------
INFO: [Synth 8-802] inferred FSM for state register 'state_reg' in module 'hw_task_sch'
---------------------------------------------------------------------------------------------------
                   State |                     New Encoding |                Previous Encoding 
---------------------------------------------------------------------------------------------------
                    INIT |                            00001 |                              000
              CHECK_STAT |                            00010 |                              101
                INC_IF_P |                            00100 |                              111
                   ALLOT |                            01000 |                              110
                INC_NO_P |                            10000 |                              011
---------------------------------------------------------------------------------------------------
INFO: [Synth 8-3354] encoded FSM with state register 'state_reg' using encoding 'one-hot' in module 'hw_task_sch'
---------------------------------------------------------------------------------
Finished RTL Optimization Phase 2 : Time (s): cpu = 00:00:18 ; elapsed = 00:00:25 . Memory (MB): peak = 1400.156 ; gain = 602.461
---------------------------------------------------------------------------------
---------------------------------------------------------------------------------
Start RTL Component Statistics 
---------------------------------------------------------------------------------
Detailed RTL Component Info : 
+---Adders : 
	   2 Input    3 Bit       Adders := 1     
+---Registers : 
	                8 Bit    Registers := 1     
	                3 Bit    Registers := 1     
	                1 Bit    Registers := 2     
+---Muxes : 
	   8 Input    8 Bit        Muxes := 8     
	   5 Input    5 Bit        Muxes := 1     
	   2 Input    5 Bit        Muxes := 1     
	   5 Input    1 Bit        Muxes := 2     
	   8 Input    1 Bit        Muxes := 8     
---------------------------------------------------------------------------------
Finished RTL Component Statistics 
---------------------------------------------------------------------------------
---------------------------------------------------------------------------------
Start Part Resource Summary
---------------------------------------------------------------------------------
Part Resources:
DSPs: 90 (col length:60)
BRAMs: 100 (col length: RAMB18 60 RAMB36 30)
---------------------------------------------------------------------------------
Finished Part Resource Summary
---------------------------------------------------------------------------------
---------------------------------------------------------------------------------
Start Cross Boundary and Area Optimization
---------------------------------------------------------------------------------
WARNING: [Synth 8-7080] Parallel synthesis criteria is not met
---------------------------------------------------------------------------------
Finished Cross Boundary and Area Optimization : Time (s): cpu = 00:00:20 ; elapsed = 00:00:28 . Memory (MB): peak = 1400.156 ; gain = 602.461
---------------------------------------------------------------------------------
---------------------------------------------------------------------------------
Start Applying XDC Timing Constraints
---------------------------------------------------------------------------------
---------------------------------------------------------------------------------
Finished Applying XDC Timing Constraints : Time (s): cpu = 00:00:27 ; elapsed = 00:00:35 . Memory (MB): peak = 1400.156 ; gain = 602.461
---------------------------------------------------------------------------------
---------------------------------------------------------------------------------
Start Timing Optimization
---------------------------------------------------------------------------------
---------------------------------------------------------------------------------
Finished Timing Optimization : Time (s): cpu = 00:00:27 ; elapsed = 00:00:35 . Memory (MB): peak = 1400.156 ; gain = 602.461
---------------------------------------------------------------------------------
---------------------------------------------------------------------------------
Start Technology Mapping
---------------------------------------------------------------------------------
---------------------------------------------------------------------------------
Finished Technology Mapping : Time (s): cpu = 00:00:27 ; elapsed = 00:00:35 . Memory (MB): peak = 1400.156 ; gain = 602.461
---------------------------------------------------------------------------------
---------------------------------------------------------------------------------
Start IO Insertion
---------------------------------------------------------------------------------
---------------------------------------------------------------------------------
Start Flattening Before IO Insertion
---------------------------------------------------------------------------------
---------------------------------------------------------------------------------
Finished Flattening Before IO Insertion
---------------------------------------------------------------------------------
---------------------------------------------------------------------------------
Start Final Netlist Cleanup
---------------------------------------------------------------------------------
---------------------------------------------------------------------------------
Finished Final Netlist Cleanup
---------------------------------------------------------------------------------
---------------------------------------------------------------------------------
Finished IO Insertion : Time (s): cpu = 00:00:32 ; elapsed = 00:00:41 . Memory (MB): peak = 1400.156 ; gain = 602.461
---------------------------------------------------------------------------------
---------------------------------------------------------------------------------
Start Renaming Generated Instances
---------------------------------------------------------------------------------
---------------------------------------------------------------------------------
Finished Renaming Generated Instances : Time (s): cpu = 00:00:32 ; elapsed = 00:00:41 . Memory (MB): peak = 1400.156 ; gain = 602.461
---------------------------------------------------------------------------------
---------------------------------------------------------------------------------
Start Rebuilding User Hierarchy
---------------------------------------------------------------------------------
---------------------------------------------------------------------------------
Finished Rebuilding User Hierarchy : Time (s): cpu = 00:00:32 ; elapsed = 00:00:41 . Memory (MB): peak = 1400.156 ; gain = 602.461
---------------------------------------------------------------------------------
---------------------------------------------------------------------------------
Start Renaming Generated Ports
---------------------------------------------------------------------------------
---------------------------------------------------------------------------------
Finished Renaming Generated Ports : Time (s): cpu = 00:00:32 ; elapsed = 00:00:41 . Memory (MB): peak = 1400.156 ; gain = 602.461
---------------------------------------------------------------------------------
---------------------------------------------------------------------------------
Start Handling Custom Attributes
---------------------------------------------------------------------------------
---------------------------------------------------------------------------------
Finished Handling Custom Attributes : Time (s): cpu = 00:00:32 ; elapsed = 00:00:41 . Memory (MB): peak = 1400.156 ; gain = 602.461
---------------------------------------------------------------------------------
---------------------------------------------------------------------------------
Start Renaming Generated Nets
---------------------------------------------------------------------------------
---------------------------------------------------------------------------------
Finished Renaming Generated Nets : Time (s): cpu = 00:00:32 ; elapsed = 00:00:41 . Memory (MB): peak = 1400.156 ; gain = 602.461
---------------------------------------------------------------------------------
---------------------------------------------------------------------------------
Start Writing Synthesis Report
---------------------------------------------------------------------------------

Report BlackBoxes: 
+-+--------------+----------+
| |BlackBox name |Instances |
+-+--------------+----------+
+-+--------------+----------+

Report Cell Usage: 
+------+-------+------+
|      |Cell   |Count |
+------+-------+------+
|1     |BUFG   |     1|
|2     |CARRY4 |     2|
|3     |LUT1   |     1|
|4     |LUT2   |     1|
|5     |LUT4   |    12|
|6     |LUT5   |     4|
|7     |LUT6   |     4|
|8     |FDRE   |    16|
|9     |FDSE   |     1|
|10    |IBUF   |    10|
|11    |OBUF   |    11|
+------+-------+------+
---------------------------------------------------------------------------------
Finished Writing Synthesis Report : Time (s): cpu = 00:00:32 ; elapsed = 00:00:41 . Memory (MB): peak = 1400.156 ; gain = 602.461
---------------------------------------------------------------------------------
Synthesis finished with 0 errors, 0 critical warnings and 1 warnings.
Synthesis Optimization Runtime : Time (s): cpu = 00:00:21 ; elapsed = 00:00:38 . Memory (MB): peak = 1400.156 ; gain = 498.164
Synthesis Optimization Complete : Time (s): cpu = 00:00:32 ; elapsed = 00:00:41 . Memory (MB): peak = 1400.156 ; gain = 602.461
INFO: [Project 1-571] Translating synthesized netlist
Netlist sorting complete. Time (s): cpu = 00:00:00 ; elapsed = 00:00:00.001 . Memory (MB): peak = 1400.156 ; gain = 0.000
INFO: [Netlist 29-17] Analyzing 2 Unisim elements for replacement
INFO: [Netlist 29-28] Unisim Transformation completed in 0 CPU seconds
INFO: [Project 1-570] Preparing netlist for logic optimization
INFO: [Opt 31-138] Pushed 0 inverter(s) to 0 load pin(s).
Netlist sorting complete. Time (s): cpu = 00:00:00 ; elapsed = 00:00:00 . Memory (MB): peak = 1400.156 ; gain = 0.000
INFO: [Project 1-111] Unisim Transformation Summary:
No Unisim elements were transformed.

Synth Design complete, checksum: d4815683
INFO: [Common 17-83] Releasing license: Synthesis
34 Infos, 2 Warnings, 0 Critical Warnings and 0 Errors encountered.
synth_design completed successfully
synth_design: Time (s): cpu = 00:00:39 ; elapsed = 00:01:29 . Memory (MB): peak = 1400.156 ; gain = 980.812
INFO: [Common 17-1381] The checkpoint 'D:/vivado_project/asic_fpga_project/hw_task_sch_f/hw_task_sch_f.runs/synth_1/hw_task_sch_top.dcp' has been generated.
INFO: [runtcl-4] Executing : report_utilization -file hw_task_sch_top_utilization_synth.rpt -pb hw_task_sch_top_utilization_synth.pb
INFO: [Common 17-206] Exiting Vivado at Wed Nov 19 14:14:59 2025...
